// Jest Snapshot v1, https://goo.gl/fbAQLP

exports[`RestaurantList renders correctly 1`] = `
<div>
  <input
    className="form-control"
    onChange={[Function]}
    placeholder="Search"
    style={
      Object {
        "marginBottom": 10,
      }
    }
    type="text"
  />
  <ul
    className="list-group"
    style={
      Object {
        "borderTopColor": "#aaa",
        "borderTopStyle": "solid",
        "borderTopWidth": 1,
      }
    }
  >
    <li
      className="list-group-item"
    >
      <div
        style={
          Object {
            "borderBottomColor": "#aaa",
            "borderBottomStyle": "solid",
            "borderBottomWidth": 1,
            "paddingBottom": 10,
            "paddingTop": 10,
          }
        }
      >
        <div>
          <div
            style={
              Object {
                "fontSize": 16,
                "fontWeight": "bold",
              }
            }
          >
            <a
              className="btn btn-link"
              href="/RestaurantEdit/a"
              onClick={[Function]}
              style={
                Object {
                  "float": "right",
                  "fontSize": 18,
                }
              }
            >
              Edit
            </a>
          </div>
          <div
            style={
              Object {
                "color": "#888",
                "fontSize": "0.95em",
              }
            }
          />
          <div
            style={
              Object {
                "paddingBottom": 10,
                "paddingTop": 10,
              }
            }
          />
          <div>
            <span />
          </div>
        </div>
        <div
          style={
            Object {
              "marginTop": 10,
              "paddingBottom": 2,
              "paddingTop": 2,
            }
          }
        >
          <button
            className="btn btn-warning btn btn-default"
            disabled={false}
            onClick={[Function]}
            style={
              Object {
                "marginRight": 5,
                "padding": 2,
                "width": 50,
              }
            }
            type="button"
            value="a"
          >
            Delete
          </button>
        </div>
      </div>
      <div
        style={
          Object {
            "borderBottomColor": "#aaa",
            "borderBottomStyle": "solid",
            "borderBottomWidth": 1,
            "paddingBottom": 10,
            "paddingTop": 10,
          }
        }
      >
        <div>
          <div
            style={
              Object {
                "fontSize": 16,
                "fontWeight": "bold",
              }
            }
          >
            <a
              className="btn btn-link"
              href="/RestaurantEdit/b"
              onClick={[Function]}
              style={
                Object {
                  "float": "right",
                  "fontSize": 18,
                }
              }
            >
              Edit
            </a>
          </div>
          <div
            style={
              Object {
                "color": "#888",
                "fontSize": "0.95em",
              }
            }
          />
          <div
            style={
              Object {
                "paddingBottom": 10,
                "paddingTop": 10,
              }
            }
          />
          <div>
            <span />
          </div>
        </div>
        <div
          style={
            Object {
              "marginTop": 10,
              "paddingBottom": 2,
              "paddingTop": 2,
            }
          }
        >
          <button
            className="btn btn-warning btn btn-default"
            disabled={false}
            onClick={[Function]}
            style={
              Object {
                "marginRight": 5,
                "padding": 2,
                "width": 50,
              }
            }
            type="button"
            value="b"
          >
            Delete
          </button>
        </div>
      </div>
    </li>
  </ul>
</div>
`;
